// Jest Snapshot v1, https://goo.gl/fbAQLP

exports[`should match snapshot 1`] = `
<Section
  className="background_orange speakers"
  id="speakers"
  name="Disertantes"
>
  <ul
    className="speakers__grid"
  >
    <Speaker
      id="02"
      inst="(UBA)"
      key="0"
      name="Ana María Campo"
      pic="02.jpg"
    />
    <Speaker
      id="04"
      inst="(UNTDF-UNPSJB)"
      key="1"
      name="Ricardo Barrera"
      pic="04.jpg"
    />
    <Speaker
      id="05"
      inst="(UBA)"
      key="2"
      name="Francisco Provenzani"
      pic="05.jpg"
    />
    <Speaker
      id="07"
      inst="(UBA)"
      key="3"
      name="Juan Permuy"
      pic="07.jpg"
    />
    <Speaker
      id="08"
      inst="(UBA)"
      key="4"
      name="Mauricio Lambertucci"
      pic="08.jpg"
    />
  </ul>
</Section>
`;
