// Jest Snapshot v1, https://goo.gl/fbAQLP

exports[`should match snapshot 1`] = `
<Section
  className="background_orange location"
  id="location"
  name="Ubicación"
>
  <article
    className="tile"
  >
    <div
      className="tile__left"
    >
      <h2
        className="tile__title"
      >
        DIRECCIÓN
      </h2>
      <p
        className="text-container tile__text"
      >
        SUM de la Caja de Previsión Social de la Provincia de Tierra del Fuego,
        <br />
        Alem 2410, Ushuaia, Tierra del Fuego, Argentina.
      </p>
      <p
        className="tile__text"
      >
        <a
          href="https://www.google.com.ar/maps/place/Av.+Leandro+N.+Alem+2410,+V9410ADX+Ushuaia,+Tierra+del+Fuego/@-54.8093112,-68.3365895,16.83z/data=!4m5!3m4!1s0xbc4c233f167580ad:0xaf5184363e0591db!8m2!3d-54.8086259!4d-68.3377634?hl=en"
          target="_blank"
        >
          Ver en Google Maps
        </a>
      </p>
      <div
        className="tile__social"
      >
        <SocialLinks />
      </div>
    </div>
    <div
      className="tile__right"
    >
      <img
        alt="Mapa de la ubicacion"
        className="tile__map"
        src="map@400.png"
        srcSet="
                    map@550.png 550w,
                    map@800.png 800w,
                    map.png 1000w
                  "
      />
    </div>
  </article>
  <article
    className="tile tile--hotel"
  >
    <h2
      className="tile__title"
    >
      ALOJAMIENTO
    </h2>
    <p
      className="text-container hotel__text"
    >
      El Hotel Ushuaia ofrece una tarifa diferencial a los asistentes al Simposio, la cual podrá utilizarse informando al momento de realizar la reserva la participación en el evento:
    </p>
    <ul
      className="text-container"
    >
      <li>
        Habitación single por noche $900
      </li>
      <li>
        Habitación doble por noche $1.150
      </li>
      <li>
        Habitación triple por noche $1.300
      </li>
    </ul>
    <ul
      className="tile__social hotel__links"
    >
      <li>
        <a
          href="http://www.hotelushuaia.com.ar"
          target="_blank"
        >
          www.hotelushuaia.com.ar
        </a>
      </li>
      <li>
        <a
          href="tel:+54 2901 430671"
        >
          +54 2901 430671
        </a>
      </li>
      <li>
        <a
          href="mailto:reservas@hotelushuaia.com.ar"
        >
          reservas@hotelushuaia.com.ar
        </a>
      </li>
    </ul>
  </article>
</Section>
`;
