// Jest Snapshot v1, https://goo.gl/fbAQLP

exports[`should match snapshot 1`] = `
<Section
  className="background_white schedule"
  id="schedule"
  name="Cronograma"
>
  <div
    className="mobile-content text-container"
  >
    <MobileTable
      activities={
        Object {
          "15.00": "Acreditaciones",
          "17.00": "Acto de Apertura",
          "17.30": "Trabajo en comisiones",
          "19.00": "Coffee Break",
          "19.30": "Conferencia",
          "21.00": "Cóctel de bienvenida",
        }
      }
      date="17/05/2017"
      key="0"
      weekday="Miércoles"
    />
    <MobileTable
      activities={
        Object {
          "17.00": "Trabajo en comisiones",
          "17.30": "Trabajo en comisiones",
          "19.00": "Coffee Break",
          "19.30": "Conferencia",
          "21.00": "Cena libre",
        }
      }
      date="18/05/2017"
      key="1"
      weekday="Jueves"
    />
    <MobileTable
      activities={
        Object {
          "17.00": "Trabajo en comisiones",
          "17.30": "Trabajo en comisiones",
          "19.00": "Coffee Break",
          "19.30": "Conferencia",
          "21.00": "Acto de clausura",
          "22.30": "Cena de camaradería",
        }
      }
      date="19/05/2017"
      key="2"
      weekday="Viernes"
    />
  </div>
  <div
    className="desktop-content"
  >
    <DesktopTable
      days={
        Array [
          Object {
            "activities": Object {
              "15.00": "Acreditaciones",
              "17.00": "Acto de Apertura",
              "17.30": "Trabajo en comisiones",
              "19.00": "Coffee Break",
              "19.30": "Conferencia",
              "21.00": "Cóctel de bienvenida",
            },
            "date": "17/05/2017",
            "weekday": "Miércoles",
          },
          Object {
            "activities": Object {
              "17.00": "Trabajo en comisiones",
              "17.30": "Trabajo en comisiones",
              "19.00": "Coffee Break",
              "19.30": "Conferencia",
              "21.00": "Cena libre",
            },
            "date": "18/05/2017",
            "weekday": "Jueves",
          },
          Object {
            "activities": Object {
              "17.00": "Trabajo en comisiones",
              "17.30": "Trabajo en comisiones",
              "19.00": "Coffee Break",
              "19.30": "Conferencia",
              "21.00": "Acto de clausura",
              "22.30": "Cena de camaradería",
            },
            "date": "19/05/2017",
            "weekday": "Viernes",
          },
        ]
      }
    />
  </div>
</Section>
`;
